// Jest Snapshot v1, https://goo.gl/fbAQLP

exports[`Latency trend cell component renders latency trend cell 1`] = `
<LatencyTrendCell
  item={
    Object {
      "popoverData": Array [
        Object {
          "hoverlabel": Object {
            "bgcolor": "#d7c2ff",
          },
          "hovertemplate": "%{x}<br>Average latency: %{y}<extra></extra>",
          "line": Object {
            "color": "#987dcb",
            "size": 2,
          },
          "marker": Object {
            "color": "#987dcb",
            "size": 8,
          },
          "mode": "lines+markers",
          "type": "scatter",
          "x": Array [
            1605027600000,
          ],
          "y": Array [
            154.71,
          ],
        },
      ],
      "trendData": Array [
        Object {
          "hoverinfo": "none",
          "line": Object {
            "color": "#000000",
            "width": 1,
          },
          "mode": "lines",
          "type": "scatter",
          "x": Array [
            1605027600000,
          ],
          "y": Array [
            154.71,
          ],
        },
      ],
    }
  }
  traceGroupName="order"
>
  <EuiFlexGroup
    gutterSize="s"
  >
    <div
      className="euiFlexGroup euiFlexGroup--gutterSmall euiFlexGroup--directionRow euiFlexGroup--responsive"
    >
      <EuiFlexItem>
        <div
          className="euiFlexItem"
        />
      </EuiFlexItem>
      <EuiFlexItem
        grow={false}
      >
        <div
          className="euiFlexItem euiFlexItem--flexGrowZero"
        >
          <LinePlt
            data={
              Array [
                Object {
                  "hoverinfo": "none",
                  "line": Object {
                    "color": "#000000",
                    "width": 1,
                  },
                  "mode": "lines",
                  "type": "scatter",
                  "x": Array [
                    1605027600000,
                  ],
                  "y": Array [
                    154.71,
                  ],
                },
              ]
            }
          >
            <div>
              -
            </div>
          </LinePlt>
        </div>
      </EuiFlexItem>
      <EuiFlexItem
        grow={false}
      >
        <div
          className="euiFlexItem euiFlexItem--flexGrowZero"
        >
          <EuiPopover
            anchorPosition="downCenter"
            button={
              <EuiButtonIcon
                aria-label="Open popover"
                iconType="magnifyWithPlus"
                onClick={[Function]}
                size="s"
              />
            }
            closePopover={[Function]}
            display="inlineBlock"
            hasArrow={true}
            isOpen={true}
            ownFocus={true}
            panelPaddingSize="m"
          >
            <EuiOutsideClickDetector
              isDisabled={false}
              onOutsideClick={[Function]}
            >
              <div
                className="euiPopover euiPopover--anchorDownCenter"
                onKeyDown={[Function]}
                onMouseDown={[Function]}
                onMouseUp={[Function]}
                onTouchEnd={[Function]}
                onTouchStart={[Function]}
              >
                <div
                  className="euiPopover__anchor"
                >
                  <EuiButtonIcon
                    aria-label="Open popover"
                    iconType="magnifyWithPlus"
                    onClick={[Function]}
                    size="s"
                  >
                    <button
                      aria-label="Open popover"
                      className="euiButtonIcon euiButtonIcon--primary"
                      onClick={[Function]}
                      size="s"
                      type="button"
                    >
                      <EuiIcon
                        aria-hidden="true"
                        className="euiButtonIcon__icon"
                        size="m"
                        type="magnifyWithPlus"
                      >
                        <EuiIconEmpty
                          aria-hidden={true}
                          className="euiIcon euiIcon--medium euiIcon-isLoading euiButtonIcon__icon"
                          focusable="false"
                          role="img"
                          style={null}
                        >
                          <svg
                            aria-hidden={true}
                            className="euiIcon euiIcon--medium euiIcon-isLoading euiButtonIcon__icon"
                            focusable="false"
                            height={16}
                            role="img"
                            style={null}
                            viewBox="0 0 16 16"
                            width={16}
                            xmlns="http://www.w3.org/2000/svg"
                          />
                        </EuiIconEmpty>
                      </EuiIcon>
                    </button>
                  </EuiButtonIcon>
                </div>
                <EuiPortal>
                  <Portal
                    containerInfo={
                      <div>
                        <div>
                          <div
                            data-focus-guard="true"
                            style="width: 1px; height: 0px; padding: 0px; overflow: hidden; position: fixed; top: 1px; left: 1px;"
                            tabindex="0"
                          />
                          <div
                            data-focus-guard="true"
                            style="width: 1px; height: 0px; padding: 0px; overflow: hidden; position: fixed; top: 1px; left: 1px;"
                            tabindex="1"
                          />
                          <div
                            data-focus-lock-disabled="false"
                          >
                            <div
                              aria-describedby="random_html_id"
                              aria-live="off"
                              aria-modal="true"
                              class="euiPanel euiPanel--paddingMedium euiPopover__panel euiPopover__panel--bottom"
                              data-autofocus="true"
                              role="dialog"
                              style="top: 16px; left: -22px; z-index: 2000;"
                              tabindex="0"
                            >
                              <div
                                class="euiPopover__panelArrow euiPopover__panelArrow--bottom"
                                style="left: 10px; top: 0px;"
                              />
                              <p
                                class="euiScreenReaderOnly"
                                id="random_html_id"
                              >
                                You are in a dialog. To close this dialog, hit escape.
                              </p>
                              <div>
                                <div
                                  class="euiFlexGroup euiFlexGroup--gutterLarge euiFlexGroup--directionRow euiFlexGroup--responsive"
                                >
                                  <div
                                    class="euiFlexItem"
                                  >
                                    <div
                                      class="euiText euiText--small"
                                    >
                                      24-hour latency trend
                                    </div>
                                    <div
                                      class="euiText euiText--small"
                                    >
                                      order
                                    </div>
                                  </div>
                                  <div
                                    class="euiFlexItem euiFlexItem--flexGrowZero"
                                  >
                                    <button
                                      aria-label="Close popover"
                                      class="euiButtonIcon euiButtonIcon--text"
                                      type="button"
                                    >
                                      <svg
                                        aria-hidden="true"
                                        class="euiIcon euiIcon--medium euiIcon-isLoading euiButtonIcon__icon"
                                        focusable="false"
                                        height="16"
                                        role="img"
                                        viewBox="0 0 16 16"
                                        width="16"
                                        xmlns="http://www.w3.org/2000/svg"
                                      />
                                    </button>
                                  </div>
                                </div>
                                <div
                                  style="width: 100%; height: 100%;"
                                />
                              </div>
                            </div>
                          </div>
                          <div
                            data-focus-guard="true"
                            style="width: 1px; height: 0px; padding: 0px; overflow: hidden; position: fixed; top: 1px; left: 1px;"
                            tabindex="0"
                          />
                        </div>
                      </div>
                    }
                  >
                    <EuiFocusTrap
                      clickOutsideDisables={true}
                      disabled={false}
                      initialFocus={[Function]}
                      returnFocus={true}
                    >
                      <EuiOutsideClickDetector
                        isDisabled={false}
                        onOutsideClick={[Function]}
                      >
                        <OutsideEventDetector
                          handleEvent={[Function]}
                          onMouseDown={[Function]}
                          onMouseUp={[Function]}
                          onTouchEnd={[Function]}
                          onTouchStart={[Function]}
                        >
                          <div
                            onMouseDown={[Function]}
                            onMouseUp={[Function]}
                            onTouchEnd={[Function]}
                            onTouchStart={[Function]}
                          >
                            <FocusLock
                              as="div"
                              autoFocus={true}
                              disabled={false}
                              initialFocus={[Function]}
                              lockProps={
                                Object {
                                  "style": undefined,
                                }
                              }
                              noFocusGuards={false}
                              persistentFocus={false}
                              returnFocus={true}
                            >
                              <div
                                data-focus-guard={true}
                                key="guard-first"
                                style={
                                  Object {
                                    "height": "0px",
                                    "left": "1px",
                                    "overflow": "hidden",
                                    "padding": 0,
                                    "position": "fixed",
                                    "top": "1px",
                                    "width": "1px",
                                  }
                                }
                                tabIndex={0}
                              />
                              <div
                                data-focus-guard={true}
                                key="guard-nearest"
                                style={
                                  Object {
                                    "height": "0px",
                                    "left": "1px",
                                    "overflow": "hidden",
                                    "padding": 0,
                                    "position": "fixed",
                                    "top": "1px",
                                    "width": "1px",
                                  }
                                }
                                tabIndex={1}
                              />
                              <div
                                data-focus-lock-disabled={false}
                                onBlur={[Function]}
                                onFocus={[Function]}
                              >
                                <SideEffect(FocusWatcher)
                                  autoFocus={true}
                                  disabled={false}
                                  observed={
                                    <div
                                      data-focus-lock-disabled="false"
                                    >
                                      <div
                                        aria-describedby="random_html_id"
                                        aria-live="off"
                                        aria-modal="true"
                                        class="euiPanel euiPanel--paddingMedium euiPopover__panel euiPopover__panel--bottom"
                                        data-autofocus="true"
                                        role="dialog"
                                        style="top: 16px; left: -22px; z-index: 2000;"
                                        tabindex="0"
                                      >
                                        <div
                                          class="euiPopover__panelArrow euiPopover__panelArrow--bottom"
                                          style="left: 10px; top: 0px;"
                                        />
                                        <p
                                          class="euiScreenReaderOnly"
                                          id="random_html_id"
                                        >
                                          You are in a dialog. To close this dialog, hit escape.
                                        </p>
                                        <div>
                                          <div
                                            class="euiFlexGroup euiFlexGroup--gutterLarge euiFlexGroup--directionRow euiFlexGroup--responsive"
                                          >
                                            <div
                                              class="euiFlexItem"
                                            >
                                              <div
                                                class="euiText euiText--small"
                                              >
                                                24-hour latency trend
                                              </div>
                                              <div
                                                class="euiText euiText--small"
                                              >
                                                order
                                              </div>
                                            </div>
                                            <div
                                              class="euiFlexItem euiFlexItem--flexGrowZero"
                                            >
                                              <button
                                                aria-label="Close popover"
                                                class="euiButtonIcon euiButtonIcon--text"
                                                type="button"
                                              >
                                                <svg
                                                  aria-hidden="true"
                                                  class="euiIcon euiIcon--medium euiIcon-isLoading euiButtonIcon__icon"
                                                  focusable="false"
                                                  height="16"
                                                  role="img"
                                                  viewBox="0 0 16 16"
                                                  width="16"
                                                  xmlns="http://www.w3.org/2000/svg"
                                                />
                                              </button>
                                            </div>
                                          </div>
                                          <div
                                            style="width: 100%; height: 100%;"
                                          />
                                        </div>
                                      </div>
                                    </div>
                                  }
                                  onActivation={[Function]}
                                  onDeactivation={[Function]}
                                  persistentFocus={false}
                                  shards={Array []}
                                >
                                  <FocusWatcher
                                    autoFocus={true}
                                    disabled={false}
                                    observed={
                                      <div
                                        data-focus-lock-disabled="false"
                                      >
                                        <div
                                          aria-describedby="random_html_id"
                                          aria-live="off"
                                          aria-modal="true"
                                          class="euiPanel euiPanel--paddingMedium euiPopover__panel euiPopover__panel--bottom"
                                          data-autofocus="true"
                                          role="dialog"
                                          style="top: 16px; left: -22px; z-index: 2000;"
                                          tabindex="0"
                                        >
                                          <div
                                            class="euiPopover__panelArrow euiPopover__panelArrow--bottom"
                                            style="left: 10px; top: 0px;"
                                          />
                                          <p
                                            class="euiScreenReaderOnly"
                                            id="random_html_id"
                                          >
                                            You are in a dialog. To close this dialog, hit escape.
                                          </p>
                                          <div>
                                            <div
                                              class="euiFlexGroup euiFlexGroup--gutterLarge euiFlexGroup--directionRow euiFlexGroup--responsive"
                                            >
                                              <div
                                                class="euiFlexItem"
                                              >
                                                <div
                                                  class="euiText euiText--small"
                                                >
                                                  24-hour latency trend
                                                </div>
                                                <div
                                                  class="euiText euiText--small"
                                                >
                                                  order
                                                </div>
                                              </div>
                                              <div
                                                class="euiFlexItem euiFlexItem--flexGrowZero"
                                              >
                                                <button
                                                  aria-label="Close popover"
                                                  class="euiButtonIcon euiButtonIcon--text"
                                                  type="button"
                                                >
                                                  <svg
                                                    aria-hidden="true"
                                                    class="euiIcon euiIcon--medium euiIcon-isLoading euiButtonIcon__icon"
                                                    focusable="false"
                                                    height="16"
                                                    role="img"
                                                    viewBox="0 0 16 16"
                                                    width="16"
                                                    xmlns="http://www.w3.org/2000/svg"
                                                  />
                                                </button>
                                              </div>
                                            </div>
                                            <div
                                              style="width: 100%; height: 100%;"
                                            />
                                          </div>
                                        </div>
                                      </div>
                                    }
                                    onActivation={[Function]}
                                    onDeactivation={[Function]}
                                    persistentFocus={false}
                                    shards={Array []}
                                  />
                                </SideEffect(FocusWatcher)>
                                <EuiPanel
                                  aria-describedby="random_html_id"
                                  aria-live="off"
                                  aria-modal="true"
                                  className="euiPopover__panel euiPopover__panel--bottom"
                                  paddingSize="m"
                                  panelRef={[Function]}
                                  role="dialog"
                                  style={
                                    Object {
                                      "left": -22,
                                      "top": 16,
                                      "zIndex": 2000,
                                    }
                                  }
                                  tabIndex={0}
                                >
                                  <div
                                    aria-describedby="random_html_id"
                                    aria-live="off"
                                    aria-modal="true"
                                    className="euiPanel euiPanel--paddingMedium euiPopover__panel euiPopover__panel--bottom"
                                    role="dialog"
                                    style={
                                      Object {
                                        "left": -22,
                                        "top": 16,
                                        "zIndex": 2000,
                                      }
                                    }
                                    tabIndex={0}
                                  >
                                    <div
                                      className="euiPopover__panelArrow euiPopover__panelArrow--bottom"
                                      style={
                                        Object {
                                          "left": 10,
                                          "top": 0,
                                        }
                                      }
                                    />
                                    <EuiScreenReaderOnly>
                                      <p
                                        className="euiScreenReaderOnly"
                                        id="random_html_id"
                                      >
                                        <EuiI18n
                                          default="You are in a dialog. To close this dialog, hit escape."
                                          token="euiPopover.screenReaderAnnouncement"
                                        >
                                          You are in a dialog. To close this dialog, hit escape.
                                        </EuiI18n>
                                      </p>
                                    </EuiScreenReaderOnly>
                                    <EuiMutationObserver
                                      observerOptions={
                                        Object {
                                          "attributes": true,
                                          "characterData": true,
                                          "childList": true,
                                          "subtree": true,
                                        }
                                      }
                                      onMutation={[Function]}
                                    >
                                      <div>
                                        <EuiFlexGroup>
                                          <div
                                            className="euiFlexGroup euiFlexGroup--gutterLarge euiFlexGroup--directionRow euiFlexGroup--responsive"
                                          >
                                            <EuiFlexItem>
                                              <div
                                                className="euiFlexItem"
                                              >
                                                <EuiText
                                                  size="s"
                                                >
                                                  <div
                                                    className="euiText euiText--small"
                                                  >
                                                    24-hour latency trend
                                                  </div>
                                                </EuiText>
                                                <EuiText
                                                  size="s"
                                                >
                                                  <div
                                                    className="euiText euiText--small"
                                                  >
                                                    order
                                                  </div>
                                                </EuiText>
                                              </div>
                                            </EuiFlexItem>
                                            <EuiFlexItem
                                              grow={false}
                                            >
                                              <div
                                                className="euiFlexItem euiFlexItem--flexGrowZero"
                                              >
                                                <EuiButtonIcon
                                                  aria-label="Close popover"
                                                  color="text"
                                                  iconType="cross"
                                                  onClick={[Function]}
                                                >
                                                  <button
                                                    aria-label="Close popover"
                                                    className="euiButtonIcon euiButtonIcon--text"
                                                    onClick={[Function]}
                                                    type="button"
                                                  >
                                                    <EuiIcon
                                                      aria-hidden="true"
                                                      className="euiButtonIcon__icon"
                                                      size="m"
                                                      type="cross"
                                                    >
                                                      <EuiIconEmpty
                                                        aria-hidden={true}
                                                        className="euiIcon euiIcon--medium euiIcon-isLoading euiButtonIcon__icon"
                                                        focusable="false"
                                                        role="img"
                                                        style={null}
                                                      >
                                                        <svg
                                                          aria-hidden={true}
                                                          className="euiIcon euiIcon--medium euiIcon-isLoading euiButtonIcon__icon"
                                                          focusable="false"
                                                          height={16}
                                                          role="img"
                                                          style={null}
                                                          viewBox="0 0 16 16"
                                                          width={16}
                                                          xmlns="http://www.w3.org/2000/svg"
                                                        />
                                                      </EuiIconEmpty>
                                                    </EuiIcon>
                                                  </button>
                                                </EuiButtonIcon>
                                              </div>
                                            </EuiFlexItem>
                                          </div>
                                        </EuiFlexGroup>
                                        <LatencyPlt
                                          data={
                                            Array [
                                              Object {
                                                "hoverlabel": Object {
                                                  "bgcolor": "#d7c2ff",
                                                },
                                                "hovertemplate": "%{x}<br>Average latency: %{y}<extra></extra>",
                                                "line": Object {
                                                  "color": "#987dcb",
                                                  "size": 2,
                                                },
                                                "marker": Object {
                                                  "color": "#987dcb",
                                                  "size": 8,
                                                },
                                                "mode": "lines+markers",
                                                "type": "scatter",
                                                "x": Array [
                                                  1605027600000,
                                                ],
                                                "y": Array [
                                                  154.71,
                                                ],
                                              },
                                            ]
                                          }
                                        >
                                          <Plt
                                            data={
                                              Array [
                                                Object {
                                                  "hoverlabel": Object {
                                                    "bgcolor": "#d7c2ff",
                                                  },
                                                  "hovertemplate": "%{x}<br>Average latency: %{y}<extra></extra>",
                                                  "line": Object {
                                                    "color": "#987dcb",
                                                    "size": 2,
                                                  },
                                                  "marker": Object {
                                                    "color": "#987dcb",
                                                    "size": 8,
                                                  },
                                                  "mode": "lines+markers",
                                                  "type": "scatter",
                                                  "x": Array [
                                                    1605027600000,
                                                  ],
                                                  "y": Array [
                                                    154.71,
                                                  ],
                                                },
                                              ]
                                            }
                                            layout={
                                              Object {
                                                "annotations": Array [
                                                  Object {
                                                    "arrowhead": 0,
                                                    "arrowwidth": 0.7,
                                                    "ax": 0,
                                                    "ay": -140,
                                                    "borderpad": 10,
                                                    "showarrow": true,
                                                    "text": "Now: 154.71ms",
                                                    "x": 1605027600000,
                                                    "xref": "x",
                                                    "y": 0,
                                                    "yref": "y",
                                                  },
                                                ],
                                                "height": 200,
                                                "margin": Object {
                                                  "b": 50,
                                                  "l": 50,
                                                  "pad": 0,
                                                  "r": 30,
                                                  "t": 30,
                                                },
                                                "width": 400,
                                                "xaxis": Object {
                                                  "color": "#899195",
                                                  "showgrid": false,
                                                  "tickmode": "auto",
                                                  "type": "date",
                                                },
                                                "yaxis": Object {
                                                  "color": "#899195",
                                                  "gridcolor": "#d9d9d9",
                                                  "title": Object {
                                                    "font": Object {
                                                      "size": 12,
                                                    },
                                                    "text": "Hourly latency (ms)",
                                                  },
                                                },
                                              }
                                            }
                                          >
                                            <PlotlyComponent
                                              config={
                                                Object {
                                                  "displayModeBar": false,
                                                }
                                              }
                                              data={
                                                Array [
                                                  Object {
                                                    "hoverlabel": Object {
                                                      "bgcolor": "#d7c2ff",
                                                    },
                                                    "hovertemplate": "%{x}<br>Average latency: %{y}<extra></extra>",
                                                    "line": Object {
                                                      "color": "#987dcb",
                                                      "size": 2,
                                                    },
                                                    "marker": Object {
                                                      "color": "#987dcb",
                                                      "size": 8,
                                                    },
                                                    "mode": "lines+markers",
                                                    "type": "scatter",
                                                    "x": Array [
                                                      1605027600000,
                                                    ],
                                                    "y": Array [
                                                      154.71,
                                                    ],
                                                  },
                                                ]
                                              }
                                              debug={false}
                                              layout={
                                                Object {
                                                  "annotations": Array [
                                                    Object {
                                                      "arrowhead": 0,
                                                      "arrowwidth": 0.7,
                                                      "ax": 0,
                                                      "ay": -140,
                                                      "borderpad": 10,
                                                      "showarrow": true,
                                                      "text": "Now: 154.71ms",
                                                      "x": 1605027600000,
                                                      "xref": "x",
                                                      "y": 0,
                                                      "yref": "y",
                                                    },
                                                  ],
                                                  "autosize": true,
                                                  "barmode": "stack",
                                                  "height": 200,
                                                  "hovermode": "closest",
                                                  "legend": Object {
                                                    "orientation": "h",
                                                    "traceorder": "normal",
                                                  },
                                                  "margin": Object {
                                                    "b": 50,
                                                    "l": 50,
                                                    "pad": 0,
                                                    "r": 30,
                                                    "t": 30,
                                                  },
                                                  "showlegend": false,
                                                  "width": 400,
                                                  "xaxis": Object {
                                                    "color": "#899195",
                                                    "showgrid": false,
                                                    "tickmode": "auto",
                                                    "type": "date",
                                                  },
                                                  "yaxis": Object {
                                                    "color": "#899195",
                                                    "gridcolor": "#d9d9d9",
                                                    "title": Object {
                                                      "font": Object {
                                                        "size": 12,
                                                      },
                                                      "text": "Hourly latency (ms)",
                                                    },
                                                  },
                                                }
                                              }
                                              style={
                                                Object {
                                                  "height": "100%",
                                                  "width": "100%",
                                                }
                                              }
                                              useResizeHandler={true}
                                            >
                                              <div
                                                style={
                                                  Object {
                                                    "height": "100%",
                                                    "width": "100%",
                                                  }
                                                }
                                              />
                                            </PlotlyComponent>
                                          </Plt>
                                        </LatencyPlt>
                                      </div>
                                    </EuiMutationObserver>
                                  </div>
                                </EuiPanel>
                              </div>
                              <div
                                data-focus-guard={true}
                                style={
                                  Object {
                                    "height": "0px",
                                    "left": "1px",
                                    "overflow": "hidden",
                                    "padding": 0,
                                    "position": "fixed",
                                    "top": "1px",
                                    "width": "1px",
                                  }
                                }
                                tabIndex={0}
                              />
                            </FocusLock>
                          </div>
                        </OutsideEventDetector>
                      </EuiOutsideClickDetector>
                    </EuiFocusTrap>
                  </Portal>
                </EuiPortal>
              </div>
            </EuiOutsideClickDetector>
          </EuiPopover>
        </div>
      </EuiFlexItem>
    </div>
  </EuiFlexGroup>
</LatencyTrendCell>
`;
